---
http_interactions:
- request:
    method: post
    uri: https://api.dropbox.com/1/fileops/delete?path=/Dev/test/test_file&root=auto
    body:
      encoding: UTF-8
      string: ''
    headers:
      Accept-Encoding:
      - gzip;q=1.0,deflate;q=0.6,identity;q=0.3
      Accept:
      - '*/*'
      User-Agent:
      - OfficialDropboxRubySDK/1.6.1
      Authorization:
      - Bearer <DROPBOX_TOKEN>
  response:
    status:
      code: 404
      message: Not Found
    headers:
      Server:
      - nginx
      Date:
      - Fri, 09 Aug 2013 22:27:47 GMT
      Content-Type:
      - application/json
      Transfer-Encoding:
      - chunked
      Connection:
      - keep-alive
    body:
      encoding: UTF-8
      string: '{"error": "Path ''/dev/test/test_file'' not found"}'
    http_version: 
  recorded_at: Fri, 09 Aug 2013 22:27:47 GMT
- request:
    method: get
    uri: https://api.dropbox.com/1/metadata/auto/Dev/test?file_limit=25000&include_deleted=false&list=true
    body:
      encoding: US-ASCII
      string: ''
    headers:
      Accept-Encoding:
      - gzip;q=1.0,deflate;q=0.6,identity;q=0.3
      Accept:
      - '*/*'
      User-Agent:
      - OfficialDropboxRubySDK/1.6.1
      Authorization:
      - Bearer <DROPBOX_TOKEN>
  response:
    status:
      code: 200
      message: OK
    headers:
      Server:
      - nginx
      Date:
      - Fri, 09 Aug 2013 22:27:47 GMT
      Content-Type:
      - text/javascript
      Transfer-Encoding:
      - chunked
      Connection:
      - keep-alive
      X-Server-Response-Time:
      - '41'
      X-Dropbox-Request-Id:
      - a647a2a5f64603e3932e668082e85a8b
      Pragma:
      - no-cache
      Cache-Control:
      - no-cache
      X-Dropbox-Http-Protocol:
      - None
      X-Frame-Options:
      - SAMEORIGIN
      X-Requestid:
      - ab40dd522d15fab775c855e9affe3a3b
    body:
      encoding: UTF-8
      string: '{"hash": "89d2d8d15943787964a340cd8a044e02", "revision": 913527043,
        "rev": "36735103002426b8", "thumb_exists": false, "bytes": 0, "modified":
        "Fri, 09 Aug 2013 00:17:26 +0000", "path": "/Dev/test", "is_dir": true, "icon":
        "folder", "root": "dropbox", "contents": [{"revision": 913527044, "rev": "36735104002426b8",
        "thumb_exists": false, "bytes": 0, "modified": "Fri, 09 Aug 2013 00:17:28
        +0000", "path": "/Dev/test/.git", "is_dir": true, "icon": "folder", "root":
        "dropbox", "size": "0 bytes"}, {"revision": 913527128, "rev": "36735158002426b8",
        "thumb_exists": false, "bytes": 18, "modified": "Fri, 09 Aug 2013 00:17:36
        +0000", "client_mtime": "Thu, 08 Aug 2013 20:44:11 +0000", "path": "/Dev/test/file1",
        "is_dir": false, "icon": "page_white", "root": "dropbox", "mime_type": "application/octet-stream",
        "size": "18 bytes"}, {"revision": 913527046, "rev": "36735106002426b8", "thumb_exists":
        false, "bytes": 0, "modified": "Fri, 09 Aug 2013 00:17:28 +0000", "path":
        "/Dev/test/folder1", "is_dir": true, "icon": "folder", "root": "dropbox",
        "size": "0 bytes"}, {"revision": 913527047, "rev": "36735107002426b8", "thumb_exists":
        false, "bytes": 0, "modified": "Fri, 09 Aug 2013 00:17:28 +0000", "path":
        "/Dev/test/folder2", "is_dir": true, "icon": "folder", "root": "dropbox",
        "size": "0 bytes"}, {"revision": 913527045, "rev": "36735105002426b8", "thumb_exists":
        false, "bytes": 0, "modified": "Fri, 09 Aug 2013 00:17:28 +0000", "path":
        "/Dev/test/folder3", "is_dir": true, "icon": "folder", "root": "dropbox",
        "size": "0 bytes"}, {"revision": 913527152, "rev": "36735170002426b8", "thumb_exists":
        false, "bytes": 1078, "modified": "Fri, 09 Aug 2013 00:17:36 +0000", "client_mtime":
        "Thu, 08 Aug 2013 20:38:22 +0000", "path": "/Dev/test/LICENSE", "is_dir":
        false, "icon": "page_white", "root": "dropbox", "mime_type": "application/octet-stream",
        "size": "1.1 KB"}, {"revision": 913527129, "rev": "36735159002426b8", "thumb_exists":
        false, "bytes": 20, "modified": "Fri, 09 Aug 2013 00:17:36 +0000", "client_mtime":
        "Thu, 08 Aug 2013 20:38:22 +0000", "path": "/Dev/test/README.md", "is_dir":
        false, "icon": "page_white_text", "root": "dropbox", "mime_type": "application/octet-stream",
        "size": "20 bytes"}], "size": "0 bytes"}'
    http_version: 
  recorded_at: Fri, 09 Aug 2013 22:27:48 GMT
- request:
    method: put
    uri: https://api-content.dropbox.com/1/files_put/auto/Dev/test/test_file?overwrite=true
    body:
      encoding: UTF-8
      string: This is a file used for RSpec tests involving Worochi::Item.
    headers:
      Content-Type:
      - application/octet-stream
      Accept-Encoding:
      - gzip;q=1.0,deflate;q=0.6,identity;q=0.3
      Accept:
      - '*/*'
      User-Agent:
      - OfficialDropboxRubySDK/1.6.1
      Content-Length:
      - '60'
      Authorization:
      - Bearer <DROPBOX_TOKEN>
  response:
    status:
      code: 200
      message: OK
    headers:
      Server:
      - nginx
      Date:
      - Fri, 09 Aug 2013 22:27:49 GMT
      Content-Type:
      - text/javascript
      Transfer-Encoding:
      - chunked
      Connection:
      - keep-alive
      X-Server-Response-Time:
      - '459'
      X-Dropbox-Request-Id:
      - c87825da15d67b1d139a52ffce45fc62
      Pragma:
      - no-cache
      Cache-Control:
      - no-cache
      X-Requestid:
      - 9b0f6ff4a2d3f7e8944603d104f8afa8
    body:
      encoding: UTF-8
      string: '{"revision": 913528118, "rev": "36735536002426b8", "thumb_exists":
        false, "bytes": 60, "modified": "Fri, 09 Aug 2013 22:27:48 +0000", "client_mtime":
        "Fri, 09 Aug 2013 22:27:48 +0000", "path": "/Dev/test/test_file", "is_dir":
        false, "icon": "page_white", "root": "dropbox", "mime_type": "application/octet-stream",
        "size": "60 bytes"}'
    http_version: 
  recorded_at: Fri, 09 Aug 2013 22:27:49 GMT
- request:
    method: get
    uri: https://api.dropbox.com/1/metadata/auto/Dev/test?file_limit=25000&include_deleted=false&list=true
    body:
      encoding: US-ASCII
      string: ''
    headers:
      Accept-Encoding:
      - gzip;q=1.0,deflate;q=0.6,identity;q=0.3
      Accept:
      - '*/*'
      User-Agent:
      - OfficialDropboxRubySDK/1.6.1
      Authorization:
      - Bearer <DROPBOX_TOKEN>
  response:
    status:
      code: 200
      message: OK
    headers:
      Server:
      - nginx
      Date:
      - Fri, 09 Aug 2013 22:27:49 GMT
      Content-Type:
      - text/javascript
      Transfer-Encoding:
      - chunked
      Connection:
      - keep-alive
      X-Server-Response-Time:
      - '58'
      X-Dropbox-Request-Id:
      - 0a6181c0756c9dae2045f5784a90fe60
      Pragma:
      - no-cache
      Cache-Control:
      - no-cache
      X-Dropbox-Http-Protocol:
      - None
      X-Frame-Options:
      - SAMEORIGIN
      X-Requestid:
      - cf510a3665036074c310702a57854fd9
    body:
      encoding: UTF-8
      string: '{"hash": "d015e0a4db14e4022000cff412e644e7", "revision": 913527043,
        "rev": "36735103002426b8", "thumb_exists": false, "bytes": 0, "modified":
        "Fri, 09 Aug 2013 00:17:26 +0000", "path": "/Dev/test", "is_dir": true, "icon":
        "folder", "root": "dropbox", "contents": [{"revision": 913527044, "rev": "36735104002426b8",
        "thumb_exists": false, "bytes": 0, "modified": "Fri, 09 Aug 2013 00:17:28
        +0000", "path": "/Dev/test/.git", "is_dir": true, "icon": "folder", "root":
        "dropbox", "size": "0 bytes"}, {"revision": 913527128, "rev": "36735158002426b8",
        "thumb_exists": false, "bytes": 18, "modified": "Fri, 09 Aug 2013 00:17:36
        +0000", "client_mtime": "Thu, 08 Aug 2013 20:44:11 +0000", "path": "/Dev/test/file1",
        "is_dir": false, "icon": "page_white", "root": "dropbox", "mime_type": "application/octet-stream",
        "size": "18 bytes"}, {"revision": 913527046, "rev": "36735106002426b8", "thumb_exists":
        false, "bytes": 0, "modified": "Fri, 09 Aug 2013 00:17:28 +0000", "path":
        "/Dev/test/folder1", "is_dir": true, "icon": "folder", "root": "dropbox",
        "size": "0 bytes"}, {"revision": 913527047, "rev": "36735107002426b8", "thumb_exists":
        false, "bytes": 0, "modified": "Fri, 09 Aug 2013 00:17:28 +0000", "path":
        "/Dev/test/folder2", "is_dir": true, "icon": "folder", "root": "dropbox",
        "size": "0 bytes"}, {"revision": 913527045, "rev": "36735105002426b8", "thumb_exists":
        false, "bytes": 0, "modified": "Fri, 09 Aug 2013 00:17:28 +0000", "path":
        "/Dev/test/folder3", "is_dir": true, "icon": "folder", "root": "dropbox",
        "size": "0 bytes"}, {"revision": 913527152, "rev": "36735170002426b8", "thumb_exists":
        false, "bytes": 1078, "modified": "Fri, 09 Aug 2013 00:17:36 +0000", "client_mtime":
        "Thu, 08 Aug 2013 20:38:22 +0000", "path": "/Dev/test/LICENSE", "is_dir":
        false, "icon": "page_white", "root": "dropbox", "mime_type": "application/octet-stream",
        "size": "1.1 KB"}, {"revision": 913527129, "rev": "36735159002426b8", "thumb_exists":
        false, "bytes": 20, "modified": "Fri, 09 Aug 2013 00:17:36 +0000", "client_mtime":
        "Thu, 08 Aug 2013 20:38:22 +0000", "path": "/Dev/test/README.md", "is_dir":
        false, "icon": "page_white_text", "root": "dropbox", "mime_type": "application/octet-stream",
        "size": "20 bytes"}, {"revision": 913528118, "rev": "36735536002426b8", "thumb_exists":
        false, "bytes": 60, "modified": "Fri, 09 Aug 2013 22:27:48 +0000", "client_mtime":
        "Fri, 09 Aug 2013 22:27:48 +0000", "path": "/Dev/test/test_file", "is_dir":
        false, "icon": "page_white", "root": "dropbox", "mime_type": "application/octet-stream",
        "size": "60 bytes"}], "size": "0 bytes"}'
    http_version: 
  recorded_at: Fri, 09 Aug 2013 22:27:49 GMT
- request:
    method: post
    uri: https://api.dropbox.com/1/fileops/delete?path=/Dev/test/test_file&root=auto
    body:
      encoding: UTF-8
      string: ''
    headers:
      Accept-Encoding:
      - gzip;q=1.0,deflate;q=0.6,identity;q=0.3
      Accept:
      - '*/*'
      User-Agent:
      - OfficialDropboxRubySDK/1.6.1
      Authorization:
      - Bearer <DROPBOX_TOKEN>
  response:
    status:
      code: 200
      message: OK
    headers:
      Server:
      - nginx
      Date:
      - Fri, 09 Aug 2013 22:27:49 GMT
      Content-Type:
      - text/javascript
      Transfer-Encoding:
      - chunked
      Connection:
      - keep-alive
      Set-Cookie:
      - gvc=MTY1MDMxMDgzMTgwMjY0NjEwODI1ODQyOTk4Mzg2MDQzMjY1NTE1; expires=Wed, 08
        Aug 2018 22:27:49 GMT; Path=/; httponly
      X-Server-Response-Time:
      - '187'
      X-Dropbox-Request-Id:
      - 6dadf75a7d47b5407ee0d140a572a044
      Pragma:
      - no-cache
      Cache-Control:
      - no-cache
      X-Dropbox-Http-Protocol:
      - None
      X-Frame-Options:
      - SAMEORIGIN
      X-Requestid:
      - 890ae3d1ecaa745b3a1c805e8434d15a
    body:
      encoding: UTF-8
      string: '{"is_deleted": true, "revision": 913528119, "rev": "36735537002426b8",
        "thumb_exists": false, "bytes": 0, "modified": "Fri, 09 Aug 2013 22:27:49
        +0000", "client_mtime": "Wed, 31 Dec 1969 23:59:59 +0000", "path": "/Dev/test/test_file",
        "is_dir": false, "icon": "page_white", "root": "dropbox", "mime_type": "application/octet-stream",
        "size": "0 bytes"}'
    http_version: 
  recorded_at: Fri, 09 Aug 2013 22:27:50 GMT
recorded_with: VCR 2.5.0
